﻿
> frontend@0.0.0 build
> vite build

[36mvite v8.0.9 [32mbuilding client environment for production...[36m[39m
[2K
transforming...Γ£ô 113 modules transformed.
rendering chunks...
computing gzip size...
dist/index.html                                                0.74 kB Γöé gzip:   0.41 kB
dist/assets/logo1-a2CzfcZj.png                                22.08 kB
dist/assets/brand2-CMa8uCtH.png                               52.77 kB
dist/assets/brand1-D2s_5jWf.png                               55.14 kB
dist/assets/brand5-BYxbqk_2.png                               57.05 kB
dist/assets/brand3-iwvCyWOC.png                               62.47 kB
dist/assets/fast-DaSKqcgp.png                                 63.68 kB
dist/assets/3-card1-CJ_BPyU6.png                              66.84 kB
dist/assets/brand4-iZGNCUXd.png                              101.33 kB
dist/assets/antibiotic-C8raKpO3.png                          109.86 kB
dist/assets/medico-BV4UVnae.png                              138.24 kB
dist/assets/delivery-DAE3Sbu5.png                            139.75 kB
dist/assets/med1-ByX41Sg_.png                                144.04 kB
dist/assets/med4-CPqFqGn9.png                                145.57 kB
dist/assets/3-card2-C9Rf2b1Y.png                             155.82 kB
dist/assets/med3-DCarsdEa.png                                163.96 kB
dist/assets/med5-BFG6wX6x.png                                173.06 kB
dist/assets/diabetes-1-DoI3B27c.png                          174.29 kB
dist/assets/product-LfJmdXZa.png                             180.51 kB
dist/assets/anti-cancer-CD5hzZuc.png                         184.80 kB
dist/assets/med2-D-m0Kk5g.png                                192.38 kB
dist/assets/trusted-CE41v8L-.png                             200.53 kB
dist/assets/upload-5BVMeQ0U.png                              200.86 kB
dist/assets/diabetes-2-kFKOkWZm.png                          225.88 kB
dist/assets/acne-Caps6PaP.png                                242.00 kB
dist/assets/allergy-eZi64oXc.png                             243.63 kB
dist/assets/eye-care-DAaBUt3m.png                            250.75 kB
dist/assets/diabetes-CV1XdZ5v.png                            254.80 kB
dist/assets/skin-care-CG81KCbU.png                           262.62 kB
dist/assets/pain-relief-DpG4H3-O.png                         283.59 kB
dist/assets/medicine-heart-Cxuoo2YK.png                      295.35 kB
dist/assets/hair_loss_banner_1777890597175-CV8wMvzt.png      495.27 kB
dist/assets/allergy_banner_1777890268903-D1eEk16l.png        566.55 kB
dist/assets/pain_relief_banner_1777890437621-CuWsWDYx.png    571.85 kB
dist/assets/promo_banner-DKdwtz-C.png                        580.55 kB
dist/assets/membership_banner-Bkqtr4cf.png                   594.70 kB
dist/assets/health_banner-D3xRMbzc.png                       623.35 kB
dist/assets/pharm-3-aNC9bnUj.png                             639.68 kB
dist/assets/banner1-BMskOwih.png                             648.38 kB
dist/assets/skin_care_banner_1777890407540-H2GBLghL.png      674.84 kB
dist/assets/banner3-CYJTzh45.png                             686.73 kB
dist/assets/banner2-DFjWLu07.png                             707.25 kB
dist/assets/banner4-XOb61hIy.png                             708.01 kB
dist/assets/diabetes_banner_1777890391063-bw-aVDUl.png       740.04 kB
dist/assets/pharm-6-Cg1YxnY9.png                             789.97 kB
dist/assets/delivery_banner-CMf6OLoO.png                     795.45 kB
dist/assets/pharm-2-Dsk72s0q.png                             798.70 kB
dist/assets/antibiotics_banner_1777890422969-CZxTxbCZ.png    830.28 kB
dist/assets/pharm-4-C0JRsRmJ.png                             848.60 kB
dist/assets/pharm-1-Crl7rrEJ.png                             890.39 kB
dist/assets/pharm-5-Dn-sOC53.png                             977.14 kB
dist/assets/join-image-BgDiNhtd.png                        7,244.90 kB
dist/assets/index-DuEc98C3.css                                80.49 kB Γöé gzip:  13.60 kB
dist/assets/index-BvI3N81_.js                                452.08 kB Γöé gzip: 117.76 kB

[32mΓ£ô built in 515ms[39m
